           shared_preload_libraries           
----------------------------------------------
 auth_delay, pg_stat_statements, auto_explain
(1 row)

 count 
-------
     0
(1 row)

                name                |              setting              
------------------------------------+-----------------------------------
 auto_explain.log_analyze           | on
 auto_explain.log_buffers           | on
 auto_explain.log_format            | json
 auto_explain.log_min_duration      | 1000
 auto_explain.log_nested_statements | on
 auto_explain.log_timing            | on
 auto_explain.log_triggers          | on
 auto_explain.log_verbose           | on
 log_duration                       | off
 log_error_verbosity                | default
 log_line_prefix                    | %m [%p] %q[user=%u,db=%d,app=%a] 
 log_min_duration_statement         | 1000
 log_statement                      | none
(13 rows)

 pg_has_role 
-------------
 t
(1 row)

