# Lines starting with # are comments
[pganalyze]
api_key = abc123

# api_key = your_api_key
[server1]
db_name            = postgres
db_username        = pganalyze
db_log_location    = /var/log/postgresql/postgresql-10-main.log
enable_log_explain = false

