"INSERT INTO pgbench_history (tid, bid, aid, delta, mtime) VALUES ($1, $2, $3, $4, CURRENT_TIMESTAMP)"
"SELECT abalance FROM pgbench_accounts WHERE aid = $1"
"select count(*) from pgbench_branches"
"UPDATE pgbench_accounts SET abalance = abalance + $1 WHERE aid = $2"
"UPDATE pgbench_branches SET bbalance = bbalance + $1 WHERE bid = $2"
"UPDATE pgbench_tellers SET tbalance = tbalance + $1 WHERE tid = $2"
"<pganalyze-collector>"
