"select count(*) from pgbench_branches"
"<pganalyze-collector>"
"<unparsable query>"
